---
source: tui/src/terminal_browser/tests.rs
expression: "buffer_text(&buffer, area)"
---
┌ Terminal browser - agent controlled ─────────────────────┐
│ running Example                                          │
│ https://example.com                                      │
│Code                                                      │
│x UI                                                      │
│                                                          │
│                                                          │
│                                                          │
│                                                          │
│                                                          │
│ Esc hide   /browser close stop browser                   │
└──────────────────────────────────────────────────────────┘
