---
source: tui/src/pager_overlay.rs
assertion_line: 847
expression: term.backend()
---
"/ S T A T I C / / / / / "
"a very long line that   "
"should wrap when        "
"rendered within a narrow"
"─────────────────── 0% ─"
" ↑/↓/k/j to scroll   pgu"
" q to quit              "
"                        "
