---
source: tui/src/analytics_tests.rs
expression: "format!(\"{picker}\\n{}\", screen(&mut view, 85, 40))"
---
"  Analytics  ·  Live account · analytics@example.test · account-a                    "
"  [7d]  30d  ·  Aug 27–Sep 2, 2026                                                   "
"                                                                                     "
"  [1 Credits usage history]  2 Token usage history  3 Plugins called  4 Skills used  "
"                                                                                     "
"  ▎ Credits usage history                                                By product  "
"  ─────────────────────────────────────────────────────────────────────────────────  "
"  › Product                                                                          "
"    Model                                                                            "
"    Speed                                                                            "
"    Reasoning                                                                        "
"  431.00 credits                                                                     "
"                                                                                     "
"   150                                                                               "
"                                                                                     "
"                                                               109.00                "
"                                                               ▁▁▁▁▁▁▁               "
"                                                               ███████               "
"                                                               ███████               "
"                                         ▇▇▇▇▇▇▇               ███████               "
"    75                                   ███████    ███████    ███████               "
"                              ▂▂▂▂▂▂▂    ███████    ███████    ███████    ▇▇▇▇▇▇▇    "
"                              ███████    ███████    ███████    ███████    ███████    "
"                   ▆▆▆▆▆▆▆    ███████    ███████    ███████    ███████    ███████    "
"                   ███████    ███████    ███████    ███████    ███████    ███████    "
"                   ███████    ███████    ███████    ███████    ███████    ███████    "
"           0       ███████    ███████    ███████    ███████    ███████    ███████    "
"     0 ────────────────────────────────────────────────────────────────────────────  "
"                                                                  ▲                  "
"        Aug 27     Aug 28     Aug 29     Aug 30     Aug 31      Sep 1      Sep 2     "
"                                                                                     "
"  ────────────────────────────────────────────────────────                           "
"  Sep 1 · 109.00 credits                                                             "
"  Product                                          Credits                           "
"  ● CLI                                              39.00                           "
"  ● Desktop app                                      38.00                           "
"  ● IDE extension                                    18.00                           "
"  ● Web                                              14.00                           "
"                                                                                     "
"  ↑/↓ group · enter select · esc cancel                                              "

"  Analytics  ·  Live account · analytics@example.test · account-a                    "
"  [7d]  30d  ·  Aug 27–Sep 2, 2026                                                   "
"                                                                                     "
"  [1 Credits usage history]  2 Token usage history  3 Plugins called  4 Skills used  "
"                                                                                     "
"  ▎ Credits usage history                                                By product  "
"  ─────────────────────────────────────────────────────────────────────────────────  "
"  431.00 credits                                                                     "
"                                                                                     "
"   150                                                                               "
"                                                                                     "
"                                                                                     "
"                                                               109.00                "
"                                                               ▂▂▂▂▂▂▂               "
"                                                               ███████               "
"                                                               ███████               "
"                                         ▅▅▅▅▅▅▅               ███████               "
"    75                                   ███████    ▄▄▄▄▄▄▄    ███████               "
"                                         ███████    ███████    ███████    ▂▂▂▂▂▂▂    "
"                              ▃▃▃▃▃▃▃    ███████    ███████    ███████    ███████    "
"                              ███████    ███████    ███████    ███████    ███████    "
"                   ▅▅▅▅▅▅▅    ███████    ███████    ███████    ███████    ███████    "
"                   ███████    ███████    ███████    ███████    ███████    ███████    "
"                   ███████    ███████    ███████    ███████    ███████    ███████    "
"                   ███████    ███████    ███████    ███████    ███████    ███████    "
"           0       ███████    ███████    ███████    ███████    ███████    ███████    "
"     0 ────────────────────────────────────────────────────────────────────────────  "
"                                                                  ▲                  "
"        Aug 27     Aug 28     Aug 29     Aug 30     Aug 31      Sep 1      Sep 2     "
"                                                                                     "
"  ────────────────────────────────────────────────────────                           "
"  Sep 1 · 109.00 credits                                                             "
"  Product                                          Credits                           "
"  ● CLI                                              39.00                           "
"  ● Desktop app                                      38.00                           "
"  ● IDE extension                                    18.00                           "
"  ● Web                                              14.00                           "
"                                                                                     "
"  tab/1–4 section · z dashboard · ←/→ day · enter details                            "
"  r 7/30d · g group · R refresh · pgup/pgdn scroll · esc back · q close              "
