---
source: tui/src/resume_picker.rs
expression: snapshot
---
# tui/src/snapshots/codex_tui__resume_picker__tests__resume_picker_table.snap
  Updated         Branch  CWD  Conversation
  42 seconds ago  -       -    Fix resume picker timestamps
> 35 minutes ago  -       -    Investigate lazy pagination cap
  2 hours ago     -       -    Explain the codebase
