---
source: tui/src/external_agent_config_migration.rs
expression: rendered
---

  > Migratable external agent config detected
  We found settings from another agent that you can add to this project.
  Select what to import
  Home
    [x] Migrate /Users/alex/.claude/settings.json into /Users/alex/.codex/con…

  Project: /workspace/project
    [x] Import /workspace/project/CLAUDE.md to /workspace/project/AGENTS.md

  Selected 2 of 2 item(s).
    1. Proceed with selected                                                  
    2. Skip for now                                                           
    3. Don't ask again for these locations                                    
  Use ↑/↓ to move, space to toggle, a/n for all/none
