---
source: tui/src/analytics_tests.rs
expression: "format!(\"{overview}\\n{skills}\")"
---
"  Analytics  ·  Live account                                                                                                                "
"  [7d]  30d  ·  Aug 27–Sep 2, 2026                                                                                                          "
"                                                                                                                                            "
"  ╭─   1 Summary ──────────────────────────────────────────────────╮    ╭─   2 Total usage history ──────────────────────────────────────╮  "
"  │                                                                │    │                                                                │  "
"  │ No history has been reported.                                  │    │ 7d                                                             │  "
"  │                                                                │    │ By feature                                                     │  "
"  │                                                                │    │ Total usage · relative units                                   │  "
"  │                                                                │    │                                                         86     │  "
"  │                                                                │    │  100          ▃▃▃▃▃   ▂▂▂▂▂   ▆▆▆▆▆   ▄▄▄▄▄   █████   ▅▅▅▅▅▅   │  "
"  │                                                                │    │       ▃▃▃▃▃   █████   █████   █████   █████   █████   ██████   │  "
"  │                                                                │    │    0 ───────────────────────────────────────────────────────── │  "
"  │                                                                │    │                                                          ▲     │  "
"  │                                                                │    │      Aug 27  Aug 28  Aug 29  Aug 30  Aug 31   Sep 1    Sep 2   │  "
"  │                                                                │    │                                                                │  "
"  │                                                                │    │ Sep 2 · 86 usage units                                         │  "
"  │                                                                │    │ ● Tasks                                            64.0%       │  "
"  │                                                                │    │ ● Code review                                      14.0%       │  "
"  │                                                                │    │                                                                │  "
"  │                                                                │    │                                                                │  "
"  │                                                                │    │                                                                │  "
"  ╰────────────────────────────────────────────────────────────────╯    ╰────────────────────────────────────────────────────────────────╯  "
"                                                                                                                                            "
"  ╭─ ▸ 3 Messages ─────────────────────────────────────────────────╮    ╭─   4 Plugins called ───────────────────────────────────────────╮  "
"  │                                                                │    │                                                                │  "
"  │ 7d                                                             │    │ 7d                                                             │  "
"  │ By model                                                       │    │ 186 calls                                                      │  "
"  │ 574 reported messages                                          │    │                                                         29     │  "
"  │                                                         103    │    │  40  ▅▅▅▅▅   ▁▁▁▁▁   ▃▃▃▃▃   ▂▂▂▂▂▂           ▁▁▁▁▁   ▃▃▃▃▃▃   │  "
"  │  150                  ▃▃▃▃▃                   ▁▁▁▁▁   ▂▂▂▂▂▂   │    │      █████   █████   █████   ██████   █████   █████   ██████   │  "
"  │       ▆▆▆▆▆   █████   █████   █████   ▆▆▆▆▆   █████   ██████   │    │   0 ────────────────────────────────────────────────────────── │  "
"  │    0 ───────────────────────────────────────────────────────── │    │                                                          ▲     │  "
"  │                                                          ▲     │    │     Aug 27  Aug 28  Aug 29   Aug 30  Aug 31   Sep 1    Sep 2   │  "
"  │      Aug 27  Aug 28  Aug 29  Aug 30  Aug 31   Sep 1    Sep 2   │    │                                                                │  "
"  │                                                                │    │ Sep 2 · 29 calls                                               │  "
"  │ Sep 2 · 103 messages                                           │    │ ● Slack                                               10       │  "
"  │ ● Friendly model                                      61       │    │ ● Figma                                               10       │  "
"  │ ● GPT-5.6-Terra                                       25       │    │                                                                │  "
"  │                                                                │    │                                                                │  "
"  │                                                                │    │                                                                │  "
"  │                                                                │    │                                                                │  "
"  ╰────────────────────────────────────────────────────────────────╯    ╰────────────────────────────────────────────────────────────────╯  "
"                                                                                                                                            "
"  ╭─   5 Skills used ──────────────────────────────────────────────╮    ╭─   6 Top chats ────────────────────────────────────────────────╮  "
"  │                                                                │    │                                                                │  "
"  │ 7d                                                             │    │ No history has been reported.                                  │  "
"  │ 54 uses                                                        │    │                                                                │  "
"  │                                                         11     │    │                                                                │  "
"  │  20                                                            │    │                                                                │  "
"  │      ▆▆▆▆▆   ▄▄▄▄▄   ▇▇▇▇▇   ▆▆▆▆▆▆   ▅▅▅▅▅   ▄▄▄▄▄   ██████   │    │                                                                │  "
"  │   0 ────────────────────────────────────────────────────────── │    │                                                                │  "
"  │                                                          ▲     │    │                                                                │  "
"  │     Aug 27  Aug 28  Aug 29   Aug 30  Aug 31   Sep 1    Sep 2   │    │                                                                │  "
"  │                                                                │    │                                                                │  "
"  │ Sep 2 · 11 uses                                                │    │                                                                │  "
"  │ ● Testing                                              4       │    │                                                                │  "
"  │ ● Code review                                          3       │    │                                                                │  "
"  │                                                                │    │                                                                │  "
"  │                                                                │    │                                                                │  "
"  │                                                                │    │                                                                │  "
"  │                                                                │    │                                                                │  "
"  ╰────────────────────────────────────────────────────────────────╯    ╰────────────────────────────────────────────────────────────────╯  "
"  tab/1–6 section · enter/z maximize                                                                                                        "
"  r 7/30d · g group · R refresh · pgup/pgdn scroll · esc back · q close                                                                     "

"  Analytics  ·  Live account                                                                        "
"  [7d]  30d  ·  Aug 27–Sep 2, 2026                                                                  "
"                                                                                                    "
"  1 Summary  2 Total usage history  3 Messages  4 Plugins called  [5 Skills used]  6 Top chats      "
"                                                                                                    "
"  ▎ Skills used                                                                                     "
"  ────────────────────────────────────────────────────────────────────────────────────────────────  "
"  54 uses                                                                                           "
"                                                                                                    "
"   20                                                                                               "
"                                                                                                    "
"                                                                                                    "
"                                                                                         11         "
"   10                                                                                 ▇▇▇▇▇▇▇▇▇     "
"        ▄▄▄▄▄▄▄▄                  ████████     ▄▄▄▄▄▄▄▄     ▁▁▁▁▁▁▁▁                  █████████     "
"        ████████     ▅▅▅▅▅▅▅▅     ████████     ████████     ████████     ▂▂▂▂▂▂▂▂     █████████     "
"        ████████     ████████     ████████     ████████     ████████     ████████     █████████     "
"        ████████     ████████     ████████     ████████     ████████     ████████     █████████     "
"    0 ────────────────────────────────────────────────────────────────────────────────────────────  "
"                                                                                          ▲         "
"         Aug 27       Aug 28       Aug 29       Aug 30       Aug 31        Sep 1        Sep 2       "
"                                                                                                    "
"  ────────────────────────────────────────────────────────                                          "
"  Sep 2 · 11 uses                                                                                   "
"  Skill                                               Uses                                          "
"  ● Testing                                              4                                          "
"  ● Code review                                          3                                          "
"  ● Other                                                3                                          "
"  ● Debugging                                            1                                          "
"                                                                                                    "
"  tab/1–6 section · z dashboard · ←/→ day · enter details                                           "
"  r 7/30d · R refresh · pgup/pgdn scroll · esc back · q close                                       "
