---
source: tui/src/analytics_tests.rs
assertion_line: 46
expression: wide
---
"  Analytics  ·  Live account                                                                                            "
"  [7d]  30d  ·  Aug 27–Sep 2, 2026                                                                                      "
"                                                                                                                        "
"  ╭─ ▸ 1 Total usage history ────────────────────────────╮    ╭─   2 Messages ───────────────────────────────────────╮  "
"  │                                                      │    │                                                      │  "
"  │ 7d                                                   │    │ 7d                                                   │  "
"  │ By feature                                           │    │ By model                                             │  "
"  │ Total usage · relative units                         │    │ 574 reported messages                                │  "
"  │                                                86    │    │                                                103   │  "
"  │  100  ▁▁▁▁  ▅▅▅▅   ▅▅▅▅   ▇▇▇▇  ▆▆▆▆   ████   ▆▆▆▆   │    │  150  ▃▃▃▃  ▄▄▄▄   ▅▅▅▅   ▄▄▄▄  ▃▃▃▃   ▄▄▄▄   ▅▅▅▅   │  "
"  │    0 ─────────────────────────────────────────────── │    │    0 ─────────────────────────────────────────────── │  "
"  │                                                 ▲    │    │                                                 ▲    │  "
"  │       27     28     29    30     31      1      2    │    │       27     28     29    30     31      1      2    │  "
"  │                                                      │    │                                                      │  "
"  │ Sep 2 · 86 usage units                               │    │ Sep 2 · 103 messages                                 │  "
"  │ ● Tasks                                        64.0% │    │ ● GPT-5.6-Sol                                     61 │  "
"  │ ● Code review                                  14.0% │    │ ● GPT-5.6-Terra                                   25 │  "
"  │                                                      │    │                                                      │  "
"  │                                                      │    │                                                      │  "
"  ╰──────────────────────────────────────────────────────╯    ╰──────────────────────────────────────────────────────╯  "
"                                                                                                                        "
"  ╭─   3 Plugins called ─────────────────────────────────╮    ╭─   4 Skills used ────────────────────────────────────╮  "
"  │                                                      │    │                                                      │  "
"  │ 7d                                                   │    │ 7d                                                   │  "
"  │ 186 calls                                            │    │ 54 uses                                              │  "
"  │                                                29    │    │                                                11    │  "
"  │  40  ▆▆▆▆  ▄▄▄▄   ▅▅▅▅   ▅▅▅▅   ▄▄▄▄   ▄▄▄▄   ▅▅▅▅   │    │  20  ▃▃▃▃  ▂▂▂▂   ▃▃▃▃   ▃▃▃▃   ▂▂▂▂   ▂▂▂▂   ▄▄▄▄   │  "
"  │   0 ──────────────────────────────────────────────── │    │   0 ──────────────────────────────────────────────── │  "
"  │                                                 ▲    │    │                                                 ▲    │  "
"  │      27     28     29     30     31      1      2    │    │      27     28     29     30     31      1      2    │  "
"  │                                                      │    │                                                      │  "
"  │ Sep 2 · 29 calls                                     │    │ Sep 2 · 11 uses                                      │  "
"  │ ● Slack                                           10 │    │ ● Testing                                          4 │  "
"  │ ● Figma                                           10 │    │ ● Code review                                      3 │  "
"  │                                                      │    │                                                      │  "
"  │                                                      │    │                                                      │  "
"  │                                                      │    │                                                      │  "
"  ╰──────────────────────────────────────────────────────╯    ╰──────────────────────────────────────────────────────╯  "
"                                                                                                                        "
"  ╭─   5 Top chats ──────────────────────────────────────╮                                                              "
"  │                                                      │                                                              "
"  │ No history has been reported.                        │                                                              "
"  │                                                      │                                                              "
"  │                                                      │                                                              "
"  │                                                      │                                                              "
"  │                                                      │                                                              "
"  │                                                      │                                                              "
"  │                                                      │                                                              "
"  │                                                      │                                                              "
"  │                                                      │                                                              "
"  │                                                      │                                                              "
"  │                                                      │                                                              "
"  │                                                      │                                                              "
"  │                                                      │                                                              "
"  │                                                      │                                                              "
"  ╰──────────────────────────────────────────────────────╯                                                              "
"                                                                                                                        "
"                                                                                                                        "
"  tab/1–5 section · enter/z maximize                                                                                    "
"  r 7/30d · g group · R refresh · pgup/pgdn scroll · esc back · q close                                                 "
