---
source: tui/src/diff_render.rs
assertion_line: 769
expression: terminal.backend()
---
"• Edited 2 files (+2 -1)                                                        "
"  └ a.txt (+1 -1)                                                               "
"    1     -one                                                                  "
"    1     +one changed                                                          "
"                                                                                "
"  └ b.txt (+1)                                                                  "
"    1     +new                                                                  "
"                                                                                "
"                                                                                "
"                                                                                "
"                                                                                "
"                                                                                "
"                                                                                "
"                                                                                "
