---
source: tui/src/resume_picker.rs
expression: snapshot
---
  Conversation                                                  Updated       
  Fix resume picker timestamps                                  42 seconds ago
> Investigate lazy pagination cap                               35 minutes ago
  Explain the codebase                                          2 hours ago
