---
source: tui/src/keymap_setup.rs
expression: "render_picker(params, 120)"
---
                                                                                                                        
  Keymap                                                                                                                
  All configurable shortcuts.                                                                                           
  91 actions, 0 customized, 1 unbound.                                                                                  
                                                                                                                        
  [All]  Customized (0)  Unbound (1)  App  Composer  Editor  Vim  Navigation  Approval  Onboarding                      
                                                                                                                        
  Type to search shortcuts                                                                                              
› [D] Global       Open Transcript                Current ctrl-t · Default keymap. Open the transcript overlay.         
  [D] Global       Open External Editor           ctrl-g · Default                                                      
  [D] Global       Copy                           ctrl-o · Default                                                      
  [-] Global       Toggle Vim Mode                unbound · Default                                                     
  [D] Chat         Edit Previous Message          esc · Default                                                         
  [D] Chat         Confirm Edit Previous Message  enter · Default                                                       
  [D] Composer     Submit                         enter · Default                                                       
  [D] Composer     Queue                          tab · Default                                                         
                                                                                                                        
  left/right group · enter edit shortcut · esc close
