---
source: tui/src/analytics_tests.rs
expression: "snapshots.join(\"\\n\")"
---
"  Analytics  ·  Live account                              "
"  [7d]  30d  ·  Aug 27–Sep 2, 2026                        "
"                                                          "
"  [Credits usage history]  Token usage history  Plugins   "
"  called  Skills used                                     "
"                                                          "
"  ▎ Credits usage history                     By product  "
"  ──────────────────────────────────────────────────────  "
"  347.00 credits                                          "
"                                                          "
"   150                                                    "
"                                                          "
"                                                          "
"                                           ▅▅▅▅           "
"                                           ████           "
"                             ▆▆▆▆          ████           "
"    75                       ████   ████   ████           "
"                             ████   ████   ████   ████    "
"                             ████   ████   ████   ████    "
"                             ████   ████   ████   ████    "
"                             ████   ████   ████   ████    "
"          0    ████     —    ████   ████   ████   ████    "
"     0 ─────────────────────────────────────────────────  "
"                        ▲                                 "
"       Aug 27 Aug 28 Aug 29 Aug 30 Aug 31  Sep 1  Sep 2   "
"                                                          "
"  ──────────────────────────────────────────────────────  "
"  Aug 29 · Not reported                                   "
"  Product                                        Credits  "
"  ● Desktop app                                        —  "
"  ● CLI                                                —  "
"  ● IDE extension                                      —  "
"  ● Web                                                —  "
"                                                          "
"  tab/1–4 section · z dashboard · ←/→ day · enter         "
"  details                                                 "
"  r 7/30d · R refresh · pgup/pgdn scroll · esc back · q   "
"  close                                                   "

"  Analytics  ·  Live account                                                                                                                                    "
"  [7d]  30d  ·  Aug 27–Sep 2, 2026                                                                                                                              "
"                                                                                                                                                                "
"  [1 Credits usage history]  2 Token usage history  3 Plugins called  4 Skills used                                                                             "
"                                                                                                                                                                "
"  ▎ Credits usage history                                                                                                                           By product  "
"  ────────────────────────────────────────────────────────────────────────────────────────────────────────────────────────────────────────────────────────────  "
"  347.00 credits                                                                                                                                                "
"                                                                                                                                                                "
"   150                                                                                                                                                          "
"                                                                                                                                                                "
"                                                                                                                                                                "
"                                                                                                                                                                "
"                                                                                                                       ▇▇▇▇▇▇▇▇▇▇▇▇                             "
"                                                                                                                       ████████████                             "
"                                                                            ▄▄▄▄▄▄▄▄▄▄▄▄                               ████████████                             "
"    75                                                                      ████████████         ▄▄▄▄▄▄▄▄▄▄▄▄          ████████████                             "
"                                                                            ████████████         ████████████          ████████████          ▃▃▃▃▃▃▃▃▃▃▃▃       "
"                                                                            ████████████         ████████████          ████████████          ████████████       "
"                                                                            ████████████         ████████████          ████████████          ████████████       "
"                                                                            ████████████         ████████████          ████████████          ████████████       "
"                                                                            ████████████         ████████████          ████████████          ████████████       "
"                                 ▃▃▃▃▃▃▃▃▃▃▃▃                               ████████████         ████████████          ████████████          ████████████       "
"                 0               ████████████               —               ████████████         ████████████          ████████████          ████████████       "
"     0 ───────────────────────────────────────────────────────────────────────────────────────────────────────────────────────────────────────────────────────  "
"                                                            ▲                                                                                                   "
"              Aug 27               Aug 28                Aug 29               Aug 30                Aug 31                Sep 1                 Sep 2           "
"                                                                                                                                                                "
"  ────────────────────────────────────────────────────────                                                                                                      "
"  Aug 29 · Not reported                                                                                                                                         "
"  Product                                          Credits                                                                                                      "
"  ● Desktop app                                          —                                                                                                      "
"  ● CLI                                                  —                                                                                                      "
"  ● IDE extension                                        —                                                                                                      "
"  ● Web                                                  —                                                                                                      "
"                                                                                                                                                                "
"  tab/1–4 section · z dashboard · ←/→ day · enter details                                                                                                       "
"  r 7/30d · R refresh · pgup/pgdn scroll · esc back · q close                                                                                                   "
