---
source: tui/src/diff_render.rs
expression: terminal.backend()
---
"• Edited abs_old.rs → abs_new.rs (+1 -1)                                        "
"    1 -X                                                                        "
"    1 +X changed                                                                "
# tui/src/snapshots/codex_tui__diff_render__tests__apply_update_block_relativizes_path.snap
"    2  Y                                                                        "
"                                                                                "
"                                                                                "
"                                                                                "
"                                                                                "
"                                                                                "
"                                                                                "
