---
source: tui/src/pager_overlay.rs
expression: term.backend()
---
"/ S T A T I C / / / / / / / / / / / / / "
"one                                     "
"two                                     "
"three                                   "
"~                                       "
"~                                       "
"───────────────────────────────── 100% ─"
" ↑/↓/k/j to scroll   pgup/pgdn to page  "
" q to quit                              "
"                                        "
