---
source: tui/src/analytics_tests.rs
expression: "format!(\"{overview}\\n{skills}\")"
---
"  Analytics  ·  Live account                                                                                                                "
"  [7d]  30d  ·  Aug 27–Sep 2, 2026                                                                                                          "
"                                                                                                                                            "
"  ╭─   1 Total usage history ──────────────────────────────────────╮    ╭─ ▸ 2 Messages ─────────────────────────────────────────────────╮  "
"  │                                                                │    │                                                                │  "
"  │ 7d                                                             │    │ 7d                                                             │  "
"  │ By feature                                                     │    │ By model                                                       │  "
"  │ Total usage · relative units                                   │    │ 574 reported messages                                          │  "
"  │                                                         86     │    │                                                                │  "
"  │  100                          ▂▂▂▂▂           █████            │    │  150                                                           │  "
"  │                               █████   ▅▅▅▅▅   █████   ██████   │    │                                                         103    │  "
"  │               █████   ▃▃▃▃▃   █████   █████   █████   ██████   │    │                       ▇▇▇▇▇                           ▆▆▆▆▆▆   │  "
"  │   50          █████   █████   █████   █████   █████   ██████   │    │   75          ▆▆▆▆▆   █████   ▄▄▄▄▄           ▇▇▇▇▇   ██████   │  "
"  │               █████   █████   █████   █████   █████   ██████   │    │       ▇▇▇▇▇   █████   █████   █████   ▆▆▆▆▆   █████   ██████   │  "
"  │       ▃▃▃▃▃   █████   █████   █████   █████   █████   ██████   │    │       █████   █████   █████   █████   █████   █████   ██████   │  "
"  │       █████   █████   █████   █████   █████   █████   ██████   │    │       █████   █████   █████   █████   █████   █████   ██████   │  "
"  │    0 ───────────────────────────────────────────────────────── │    │    0 ───────────────────────────────────────────────────────── │  "
"  │                                                          ▲     │    │                                                          ▲     │  "
"  │      Aug 27  Aug 28  Aug 29  Aug 30  Aug 31   Sep 1    Sep 2   │    │      Aug 27  Aug 28  Aug 29  Aug 30  Aug 31   Sep 1    Sep 2   │  "
"  │                                                                │    │                                                                │  "
"  │ Sep 2 · 86 usage units                                         │    │ Sep 2 · 103 messages                                           │  "
"  │ ● Tasks                                            64.0%       │    │ ● Friendly model                                      61       │  "
"  │ ● Code review                                      14.0%       │    │ ● GPT-5.6-Terra                                       25       │  "
"  │                                                                │    │                                                                │  "
"  │                                                                │    │                                                                │  "
"  │                                                                │    │                                                                │  "
"  ╰────────────────────────────────────────────────────────────────╯    ╰────────────────────────────────────────────────────────────────╯  "
"                                                                                                                                            "
"  ╭─   3 Plugins called ───────────────────────────────────────────╮    ╭─   4 Skills used ──────────────────────────────────────────────╮  "
"  │                                                                │    │                                                                │  "
"  │ 7d                                                             │    │ 7d                                                             │  "
"  │ 186 calls                                                      │    │ 54 uses                                                        │  "
"  │                                                                │    │                                                                │  "
"  │  40                                                     29     │    │  20                                                            │  "
"  │      ▇▇▇▇▇                                                     │    │                                                                │  "
"  │      █████           █████   ▄▄▄▄▄▄                   ██████   │    │                                                         11     │  "
"  │  20  █████   █████   █████   ██████   ▆▆▆▆▆   █████   ██████   │    │  10                  ▁▁▁▁▁                            ▆▆▆▆▆▆   │  "
"  │      █████   █████   █████   ██████   █████   █████   ██████   │    │      ▆▆▆▆▆           █████   ▆▆▆▆▆▆   ▃▃▃▃▃           ██████   │  "
"  │      █████   █████   █████   ██████   █████   █████   ██████   │    │      █████   █████   █████   ██████   █████   ▆▆▆▆▆   ██████   │  "
"  │      █████   █████   █████   ██████   █████   █████   ██████   │    │      █████   █████   █████   ██████   █████   █████   ██████   │  "
"  │   0 ────────────────────────────────────────────────────────── │    │   0 ────────────────────────────────────────────────────────── │  "
"  │                                                          ▲     │    │                                                          ▲     │  "
"  │     Aug 27  Aug 28  Aug 29   Aug 30  Aug 31   Sep 1    Sep 2   │    │     Aug 27  Aug 28  Aug 29   Aug 30  Aug 31   Sep 1    Sep 2   │  "
"  │                                                                │    │                                                                │  "
"  │ Sep 2 · 29 calls                                               │    │ Sep 2 · 11 uses                                                │  "
"  │ ● Slack                                               10       │    │ ● Testing                                              4       │  "
"  │ ● Figma                                               10       │    │ ● Code review                                          3       │  "
"  │                                                                │    │                                                                │  "
"  │                                                                │    │                                                                │  "
"  │                                                                │    │                                                                │  "
"  │                                                                │    │                                                                │  "
"  ╰────────────────────────────────────────────────────────────────╯    ╰────────────────────────────────────────────────────────────────╯  "
"                                                                                                                                            "
"                                                                                                                                            "
"                                                                                                                                            "
"                                                                                                                                            "
"                                                                                                                                            "
"                                                                                                                                            "
"                                                                                                                                            "
"                                                                                                                                            "
"                                                                                                                                            "
"                                                                                                                                            "
"  tab/1–4 section · enter/z maximize                                                                                                        "
"  r 7/30d · g group · R refresh · pgup/pgdn scroll · esc back · q close                                                                     "

"  Analytics  ·  Live account                                                                        "
"  [7d]  30d  ·  Aug 27–Sep 2, 2026                                                                  "
"                                                                                                    "
"  1 Total usage history  2 Messages  3 Plugins called  [4 Skills used]                              "
"                                                                                                    "
"  ▎ Skills used                                                                                     "
"  ────────────────────────────────────────────────────────────────────────────────────────────────  "
"  54 uses                                                                                           "
"                                                                                                    "
"   20                                                                                               "
"                                                                                                    "
"                                                                                                    "
"                                                                                         11         "
"   10                                                                                 ▇▇▇▇▇▇▇▇▇     "
"        ▄▄▄▄▄▄▄▄                  ████████     ▄▄▄▄▄▄▄▄     ▁▁▁▁▁▁▁▁                  █████████     "
"        ████████     ▅▅▅▅▅▅▅▅     ████████     ████████     ████████     ▂▂▂▂▂▂▂▂     █████████     "
"        ████████     ████████     ████████     ████████     ████████     ████████     █████████     "
"        ████████     ████████     ████████     ████████     ████████     ████████     █████████     "
"    0 ────────────────────────────────────────────────────────────────────────────────────────────  "
"                                                                                          ▲         "
"         Aug 27       Aug 28       Aug 29       Aug 30       Aug 31        Sep 1        Sep 2       "
"                                                                                                    "
"  ────────────────────────────────────────────────────────                                          "
"  Sep 2 · 11 uses                                                                                   "
"  Skill                                               Uses                                          "
"  ● Testing                                              4                                          "
"  ● Code review                                          3                                          "
"  ● Other                                                3                                          "
"  ● Debugging                                            1                                          "
"                                                                                                    "
"  tab/1–4 section · z dashboard · ←/→ day · enter details                                           "
"  r 7/30d · R refresh · pgup/pgdn scroll · esc back · q close                                       "
