---
source: tui/src/model_migration.rs
expression: terminal.backend()
---
> Introducing our GPT-5.1-Codex models

  We've upgraded our family of models supported in Codex to
  GPT-5.1, GPT-5.1-Codex and GPT-5.1-Codex-Mini.

  You can continue using legacy models by specifying them
  directly with the -m option or in your config.toml.

  Learn more at www.openai.com/index/gpt-5-1

  Press enter to try now
