---
source: tui/src/bottom_pane/request_user_input/mod.rs
expression: "render_snapshot(&overlay, area)"
---
                                                                                                                        
  Question 1/2                                                                                                          
  Area                                                                                                                  
  Choose an option.                                                                                                     
  ( ) Option 1  First choice.                                                                                           
  ( ) Option 2  Second choice.                                                                                          
  ( ) Option 3  Third choice.                                                                                           
                                                                                                                        
                                                                                                                        
  Unanswered: 1                                                                                                         
  No option selected | ↑/↓ scroll | Enter to submit answer | Ctrl+p prev | Ctrl+n next | Esc to interrupt
