---
source: tui/src/analytics/account_layout_tests.rs
expression: "screens.join(\"\\n\")"
---
"  Analytics  ·  Live account                                                                        "
"  [7d]  30d  ·  Aug 27–Sep 2, 2026                                                                  "
"                                                                                                    "
"  [1 Total usage history]  2 Messages  3 Plugins called  4 Skills used                              "
"                                                                                                    "
"  ▎ Total usage history                                                                 By feature  "
"  ────────────────────────────────────────────────────────────────────────────────────────────────  "
"  Total usage · relative units                                                                      "
"  Approximate · may be delayed up to 6 hours                                                        "
"                                                                                          86        "
"   100                                          ▃▃▃▃▃▃▃▃                  ████████     ▁▁▁▁▁▁▁▁     "
"                      ▃▃▃▃▃▃▃▃                  ████████     ▆▆▆▆▆▆▆▆     ████████     ████████     "
"                      ████████     ▆▆▆▆▆▆▆▆     ████████     ████████     ████████     ████████     "
"    50                ████████     ████████     ████████     ████████     ████████     ████████     "
"         ▁▁▁▁▁▁▁▁     ████████     ████████     ████████     ████████     ████████     ████████     "
"         ████████     ████████     ████████     ████████     ████████     ████████     ████████     "
"     0 ───────────────────────────────────────────────────────────────────────────────────────────  "
"                                                                                           ▲        "
"          Aug 27       Aug 28       Aug 29       Aug 30       Aug 31        Sep 1        Sep 2      "
"                                                                                                    "
"  ────────────────────────────────────────────────────────                                          "
"  Sep 2 · 86 usage units                                                                            "
"  Feature                                            Share                                          "
"  ● Tasks                                            64.0%                                          "
"  ● Code review                                      14.0%                                          "
"  ● Images                                           11.6%                                          "
"  ● Other                                            10.5%                                          "
"                                                                                                    "
"  tab/1–4 section · z dashboard · ←/→ day · enter details                                           "
"  r 7/30d · g group · R refresh · pgup/pgdn scroll · esc back · q close                             "

"  Analytics  ·  Live account                                                                        "
"  [7d]  30d  ·  Aug 27–Sep 2, 2026                                                                  "
"                                                                                                    "
"  1 Total usage history  [2 Messages]  3 Plugins called  4 Skills used                              "
"                                                                                                    "
"  ▎ Messages                                                                              By model  "
"  ────────────────────────────────────────────────────────────────────────────────────────────────  "
"  574 reported messages                                                                             "
"                                                                                                    "
"   150                                                                                              "
"                                                                                          103       "
"                                   ▇▇▇▇▇▇▇▇                                            ▆▆▆▆▆▆▆▆     "
"    75                ▆▆▆▆▆▆▆▆     ████████     ▄▄▄▄▄▄▄▄                  ▇▇▇▇▇▇▇▇     ████████     "
"         ▇▇▇▇▇▇▇▇     ████████     ████████     ████████     ▆▆▆▆▆▆▆▆     ████████     ████████     "
"         ████████     ████████     ████████     ████████     ████████     ████████     ████████     "
"         ████████     ████████     ████████     ████████     ████████     ████████     ████████     "
"     0 ───────────────────────────────────────────────────────────────────────────────────────────  "
"                                                                                           ▲        "
"          Aug 27       Aug 28       Aug 29       Aug 30       Aug 31        Sep 1        Sep 2      "
"                                                                                                    "
"  ────────────────────────────────────────────────────────                                          "
"  Sep 2 · 103 messages                                                                              "
"  Model                                           Messages                                          "
"  ● GPT-5.6-Sol                                         61                                          "
"  ● GPT-5.6-Terra                                       25                                          "
"  ● GPT-5.5                                             10                                          "
"  ● Other                                                7                                          "
"                                                                                                    "
"  tab/1–4 section · z dashboard · ←/→ day · enter details                                           "
"  r 7/30d · g group · R refresh · pgup/pgdn scroll · esc back · q close                             "

"  Analytics  ·  Live account                                                                        "
"  [7d]  30d  ·  Aug 27–Sep 2, 2026                                                                  "
"                                                                                                    "
"  1 Total usage history  2 Messages  [3 Plugins called]  4 Skills used                              "
"                                                                                                    "
"  ▎ Plugins called                                                                                  "
"  ────────────────────────────────────────────────────────────────────────────────────────────────  "
"  186 calls                                                                                         "
"                                                                                                    "
"   40                                                                                    29         "
"        ▇▇▇▇▇▇▇▇                                                                                    "
"        ████████                  ████████     ▄▄▄▄▄▄▄▄                               █████████     "
"   20   ████████     ████████     ████████     ████████     ▆▆▆▆▆▆▆▆     ████████     █████████     "
"        ████████     ████████     ████████     ████████     ████████     ████████     █████████     "
"        ████████     ████████     ████████     ████████     ████████     ████████     █████████     "
"        ████████     ████████     ████████     ████████     ████████     ████████     █████████     "
"    0 ────────────────────────────────────────────────────────────────────────────────────────────  "
"                                                                                          ▲         "
"         Aug 27       Aug 28       Aug 29       Aug 30       Aug 31        Sep 1        Sep 2       "
"                                                                                                    "
"  ────────────────────────────────────────────────────────                                          "
"  Sep 2 · 29 calls                                                                                  "
"  Plugin                                             Calls                                          "
"  ● Slack                                               10                                          "
"  ● Figma                                               10                                          "
"  ● GitHub                                               5                                          "
"  ● Notion                                               4                                          "
"                                                                                                    "
"  tab/1–4 section · z dashboard · ←/→ day · enter details                                           "
"  r 7/30d · R refresh · pgup/pgdn scroll · esc back · q close                                       "

"  Analytics  ·  Live account                                                                        "
"  [7d]  30d  ·  Aug 27–Sep 2, 2026                                                                  "
"                                                                                                    "
"  1 Total usage history  2 Messages  3 Plugins called  [4 Skills used]                              "
"                                                                                                    "
"  ▎ Skills used                                                                                     "
"  ────────────────────────────────────────────────────────────────────────────────────────────────  "
"  54 uses                                                                                           "
"                                                                                                    "
"   20                                                                                               "
"                                                                                                    "
"                                                                                         11         "
"   10                             ▁▁▁▁▁▁▁▁                                            ▆▆▆▆▆▆▆▆▆     "
"        ▆▆▆▆▆▆▆▆                  ████████     ▆▆▆▆▆▆▆▆     ▃▃▃▃▃▃▃▃                  █████████     "
"        ████████     ████████     ████████     ████████     ████████     ▆▆▆▆▆▆▆▆     █████████     "
"        ████████     ████████     ████████     ████████     ████████     ████████     █████████     "
"    0 ────────────────────────────────────────────────────────────────────────────────────────────  "
"                                                                                          ▲         "
"         Aug 27       Aug 28       Aug 29       Aug 30       Aug 31        Sep 1        Sep 2       "
"                                                                                                    "
"  ────────────────────────────────────────────────────────                                          "
"  Sep 2 · 11 uses                                                                                   "
"  Skill                                               Uses                                          "
"  ● Testing                                              4                                          "
"  ● Code review                                          3                                          "
"  ● Planning                                             3                                          "
"  ● Debugging                                            1                                          "
"                                                                                                    "
"  tab/1–4 section · z dashboard · ←/→ day · enter details                                           "
"  r 7/30d · R refresh · pgup/pgdn scroll · esc back · q close                                       "

"  Analytics  ·  Live account                                                                                                                "
"  [7d]  30d  ·  Aug 27–Sep 2, 2026                                                                                                          "
"                                                                                                                                            "
"  ╭─   1 Total usage history ──────────────────────────────────────╮    ╭─   2 Messages ─────────────────────────────────────────────────╮  "
"  │                                                                │    │                                                                │  "
"  │ 7d                                                             │    │ 7d                                                             │  "
"  │ By feature                                                     │    │ By model                                                       │  "
"  │ Total usage · relative units                                   │    │ 574 reported messages                                          │  "
"  │                                                         86     │    │                                                                │  "
"  │  100                          ▂▂▂▂▂           █████            │    │  150                                                           │  "
"  │                               █████   ▅▅▅▅▅   █████   ██████   │    │                                                         103    │  "
"  │               █████   ▃▃▃▃▃   █████   █████   █████   ██████   │    │                       ▇▇▇▇▇                           ▆▆▆▆▆▆   │  "
"  │   50          █████   █████   █████   █████   █████   ██████   │    │   75          ▆▆▆▆▆   █████   ▄▄▄▄▄           ▇▇▇▇▇   ██████   │  "
"  │               █████   █████   █████   █████   █████   ██████   │    │       ▇▇▇▇▇   █████   █████   █████   ▆▆▆▆▆   █████   ██████   │  "
"  │       ▃▃▃▃▃   █████   █████   █████   █████   █████   ██████   │    │       █████   █████   █████   █████   █████   █████   ██████   │  "
"  │       █████   █████   █████   █████   █████   █████   ██████   │    │       █████   █████   █████   █████   █████   █████   ██████   │  "
"  │    0 ───────────────────────────────────────────────────────── │    │    0 ───────────────────────────────────────────────────────── │  "
"  │                                                          ▲     │    │                                                          ▲     │  "
"  │      Aug 27  Aug 28  Aug 29  Aug 30  Aug 31   Sep 1    Sep 2   │    │      Aug 27  Aug 28  Aug 29  Aug 30  Aug 31   Sep 1    Sep 2   │  "
"  │                                                                │    │                                                                │  "
"  │ Sep 2 · 86 usage units                                         │    │ Sep 2 · 103 messages                                           │  "
"  │ ● Tasks                                            64.0%       │    │ ● GPT-5.6-Sol                                         61       │  "
"  │ ● Code review                                      14.0%       │    │ ● GPT-5.6-Terra                                       25       │  "
"  │                                                                │    │                                                                │  "
"  │                                                                │    │                                                                │  "
"  │                                                                │    │                                                                │  "
"  ╰────────────────────────────────────────────────────────────────╯    ╰────────────────────────────────────────────────────────────────╯  "
"                                                                                                                                            "
"  ╭─   3 Plugins called ───────────────────────────────────────────╮    ╭─ ▸ 4 Skills used ──────────────────────────────────────────────╮  "
"  │                                                                │    │                                                                │  "
"  │ 7d                                                             │    │ 7d                                                             │  "
"  │ 186 calls                                                      │    │ 54 uses                                                        │  "
"  │                                                                │    │                                                                │  "
"  │  40                                                     29     │    │  20                                                            │  "
"  │      ▇▇▇▇▇                                                     │    │                                                                │  "
"  │      █████           █████   ▄▄▄▄▄▄                   ██████   │    │                                                         11     │  "
"  │  20  █████   █████   █████   ██████   ▆▆▆▆▆   █████   ██████   │    │  10                  ▁▁▁▁▁                            ▆▆▆▆▆▆   │  "
"  │      █████   █████   █████   ██████   █████   █████   ██████   │    │      ▆▆▆▆▆           █████   ▆▆▆▆▆▆   ▃▃▃▃▃           ██████   │  "
"  │      █████   █████   █████   ██████   █████   █████   ██████   │    │      █████   █████   █████   ██████   █████   ▆▆▆▆▆   ██████   │  "
"  │      █████   █████   █████   ██████   █████   █████   ██████   │    │      █████   █████   █████   ██████   █████   █████   ██████   │  "
"  │   0 ────────────────────────────────────────────────────────── │    │   0 ────────────────────────────────────────────────────────── │  "
"  │                                                          ▲     │    │                                                          ▲     │  "
"  │     Aug 27  Aug 28  Aug 29   Aug 30  Aug 31   Sep 1    Sep 2   │    │     Aug 27  Aug 28  Aug 29   Aug 30  Aug 31   Sep 1    Sep 2   │  "
"  │                                                                │    │                                                                │  "
"  │ Sep 2 · 29 calls                                               │    │ Sep 2 · 11 uses                                                │  "
"  │ ● Slack                                               10       │    │ ● Testing                                              4       │  "
"  │ ● Figma                                               10       │    │ ● Code review                                          3       │  "
"  │                                                                │    │                                                                │  "
"  │                                                                │    │                                                                │  "
"  │                                                                │    │                                                                │  "
"  │                                                                │    │                                                                │  "
"  ╰────────────────────────────────────────────────────────────────╯    ╰────────────────────────────────────────────────────────────────╯  "
"                                                                                                                                            "
"                                                                                                                                            "
"                                                                                                                                            "
"                                                                                                                                            "
"                                                                                                                                            "
"                                                                                                                                            "
"                                                                                                                                            "
"                                                                                                                                            "
"                                                                                                                                            "
"                                                                                                                                            "
"  tab/1–4 section · enter/z maximize                                                                                                        "
"  r 7/30d · R refresh · pgup/pgdn scroll · esc back · q close                                                                               "

"  Analytics  ·  Live account                                                                        "
"  [7d]  30d  ·  Aug 27–Sep 2, 2026                                                                  "
"                                                                                                    "
"  [1 Credits usage history]  2 Token usage history  3 Plugins called  4 Skills used                 "
"                                                                                                    "
"  ▎ Credits usage history                                                               By product  "
"  ────────────────────────────────────────────────────────────────────────────────────────────────  "
"  431.00 credits                                                                                    "
"                                                                                                    "
"   150                                                                                              "
"                                                                                                    "
"                                                                          ████████                  "
"    75                                          ▇▇▇▇▇▇▇▇     ▄▄▄▄▄▄▄▄     ████████       64.00      "
"                                   ▅▅▅▅▅▅▅▅     ████████     ████████     ████████     ▇▇▇▇▇▇▇▇     "
"                      ▇▇▇▇▇▇▇▇     ████████     ████████     ████████     ████████     ████████     "
"             0        ████████     ████████     ████████     ████████     ████████     ████████     "
"     0 ───────────────────────────────────────────────────────────────────────────────────────────  "
"                                                                                           ▲        "
"          Aug 27       Aug 28       Aug 29       Aug 30       Aug 31        Sep 1        Sep 2      "
"                                                                                                    "
"  ────────────────────────────────────────────────────────                                          "
"  Sep 2 · 64.00 credits                                                                             "
"  Product                                          Credits                                          "
"  ● CLI                                              23.00                                          "
"  ● Desktop app                                      22.00                                          "
"  ● IDE extension                                    10.00                                          "
"  ● Web                                               9.00                                          "
"                                                                                                    "
"  tab/1–4 section · z dashboard · ←/→ day · enter details                                           "
"  r 7/30d · R refresh · pgup/pgdn scroll · esc back · q close                                       "

"  Analytics  ·  Live account                                                                        "
"  [7d]  30d  ·  Aug 27–Sep 2, 2026                                                                  "
"                                                                                                    "
"  1 Credits usage history  [2 Token usage history]  3 Plugins called  4 Skills used                 "
"                                                                                                    "
"  ▎ Token usage history                                                              By token type  "
"  ────────────────────────────────────────────────────────────────────────────────────────────────  "
"  All models · m change model                                                                       "
"  4,377,500 tokens                                                                                  "
"                                                                                                    "
"   1,000,000                                                                            731,000     "
"                                                   ▅▅▅▅▅▅▅▅    ▁▁▁▁▁▁▁▁    ████████    ▃▃▃▃▃▃▃▃     "
"                           ▅▅▅▅▅▅▅▅    ▂▂▂▂▂▂▂▂    ████████    ████████    ████████    ████████     "
"     500,000               ████████    ████████    ████████    ████████    ████████    ████████     "
"                           ████████    ████████    ████████    ████████    ████████    ████████     "
"               ████████    ████████    ████████    ████████    ████████    ████████    ████████     "
"           0 ─────────────────────────────────────────────────────────────────────────────────────  "
"                                                                                           ▲        "
"               Aug 27      Aug 28      Aug 29      Aug 30      Aug 31       Sep 1        Sep 2      "
"                                                                                                    "
"  ────────────────────────────────────────────────────────                                          "
"  Sep 2 · 731,000 tokens                                                                            "
"  Token type                                        Tokens                                          "
"  ● Cached input                                   602,000                                          "
"  ● Uncached input                                  86,000                                          "
"  ● Output                                          43,000                                          "
"  Updated Sep 2 16:00 UTC                                                                           "
"                                                                                                    "
"  tab/1–4 section · z dashboard · ←/→ day · enter details                                           "
"  r 7/30d · g group · R refresh · pgup/pgdn scroll · esc back · q close                             "

"  Analytics  ·  Live account                                                                        "
"  [7d]  30d  ·  Aug 27–Sep 2, 2026                                                                  "
"                                                                                                    "
"  1 Credits usage history  2 Token usage history  [3 Plugins called]  4 Skills used                 "
"                                                                                                    "
"  ▎ Plugins called                                                                                  "
"  ────────────────────────────────────────────────────────────────────────────────────────────────  "
"  186 calls                                                                                         "
"                                                                                                    "
"   40                                                                                    29         "
"        ▇▇▇▇▇▇▇▇                                                                                    "
"        ████████                  ████████     ▄▄▄▄▄▄▄▄                               █████████     "
"   20   ████████     ████████     ████████     ████████     ▆▆▆▆▆▆▆▆     ████████     █████████     "
"        ████████     ████████     ████████     ████████     ████████     ████████     █████████     "
"        ████████     ████████     ████████     ████████     ████████     ████████     █████████     "
"        ████████     ████████     ████████     ████████     ████████     ████████     █████████     "
"    0 ────────────────────────────────────────────────────────────────────────────────────────────  "
"                                                                                          ▲         "
"         Aug 27       Aug 28       Aug 29       Aug 30       Aug 31        Sep 1        Sep 2       "
"                                                                                                    "
"  ────────────────────────────────────────────────────────                                          "
"  Sep 2 · 29 calls                                                                                  "
"  Plugin                                             Calls                                          "
"  ● Slack                                               10                                          "
"  ● Figma                                               10                                          "
"  ● GitHub                                               5                                          "
"  ● Notion                                               4                                          "
"                                                                                                    "
"  tab/1–4 section · z dashboard · ←/→ day · enter details                                           "
"  r 7/30d · R refresh · pgup/pgdn scroll · esc back · q close                                       "

"  Analytics  ·  Live account                                                                        "
"  [7d]  30d  ·  Aug 27–Sep 2, 2026                                                                  "
"                                                                                                    "
"  1 Credits usage history  2 Token usage history  3 Plugins called  [4 Skills used]                 "
"                                                                                                    "
"  ▎ Skills used                                                                                     "
"  ────────────────────────────────────────────────────────────────────────────────────────────────  "
"  54 uses                                                                                           "
"                                                                                                    "
"   20                                                                                               "
"                                                                                                    "
"                                                                                         11         "
"   10                             ▁▁▁▁▁▁▁▁                                            ▆▆▆▆▆▆▆▆▆     "
"        ▆▆▆▆▆▆▆▆                  ████████     ▆▆▆▆▆▆▆▆     ▃▃▃▃▃▃▃▃                  █████████     "
"        ████████     ████████     ████████     ████████     ████████     ▆▆▆▆▆▆▆▆     █████████     "
"        ████████     ████████     ████████     ████████     ████████     ████████     █████████     "
"    0 ────────────────────────────────────────────────────────────────────────────────────────────  "
"                                                                                          ▲         "
"         Aug 27       Aug 28       Aug 29       Aug 30       Aug 31        Sep 1        Sep 2       "
"                                                                                                    "
"  ────────────────────────────────────────────────────────                                          "
"  Sep 2 · 11 uses                                                                                   "
"  Skill                                               Uses                                          "
"  ● Testing                                              4                                          "
"  ● Code review                                          3                                          "
"  ● Planning                                             3                                          "
"  ● Debugging                                            1                                          "
"                                                                                                    "
"  tab/1–4 section · z dashboard · ←/→ day · enter details                                           "
"  r 7/30d · R refresh · pgup/pgdn scroll · esc back · q close                                       "

"  Analytics  ·  Live account                                                                                                                "
"  [7d]  30d  ·  Aug 27–Sep 2, 2026                                                                                                          "
"                                                                                                                                            "
"  ╭─   1 Credits usage history ────────────────────────────────────╮    ╭─   2 Token usage history ──────────────────────────────────────╮  "
"  │                                                                │    │                                                                │  "
"  │ 7d                                                             │    │ 7d · All models                                                │  "
"  │ By product                                                     │    │ By token type                                                  │  "
"  │ 431.00 credits                                                 │    │ 4,377,500 tokens                                               │  "
"  │                                                                │    │                                                                │  "
"  │  150                                                           │    │  1,000,000                                            731,000  │  "
"  │                                                                │    │                                  ▃▃▃▃▃          ▇▇▇▇           │  "
"  │                                               █████            │    │                    ▂▂▂▂          █████   ▆▆▆▆   ████   █████   │  "
"  │   75                          ▇▇▇▇▇   ▄▄▄▄▄   █████    64.00   │    │    500,000         ████   ▆▆▆▆   █████   ████   ████   █████   │  "
"  │                       ▅▅▅▅▅   █████   █████   █████   ▇▇▇▇▇▇   │    │                    ████   ████   █████   ████   ████   █████   │  "
"  │               ▇▇▇▇▇   █████   █████   █████   █████   ██████   │    │             ▁▁▁▁   ████   ████   █████   ████   ████   █████   │  "
"  │         0     █████   █████   █████   █████   █████   ██████   │    │             ████   ████   ████   █████   ████   ████   █████   │  "
"  │    0 ───────────────────────────────────────────────────────── │    │          0 ─────────────────────────────────────────────────── │  "
"  │                                                          ▲     │    │                                                          ▲     │  "
"  │      Aug 27  Aug 28  Aug 29  Aug 30  Aug 31   Sep 1    Sep 2   │    │            Aug 27 Aug 28 Aug 29 Aug 30  Aug 31  Sep 1  Sep 2   │  "
"  │                                                                │    │                                                                │  "
"  │ Sep 2 · 64.00 credits                                          │    │ Sep 2 · 731,000 tokens                                         │  "
"  │ ● CLI                                              23.00       │    │ ● Cached input                                   602,000       │  "
"  │ ● Desktop app                                      22.00       │    │ ● Uncached input                                  86,000       │  "
"  │                                                                │    │ Updated Sep 2 16:00 UTC                                        │  "
"  │                                                                │    │                                                                │  "
"  │                                                                │    │                                                                │  "
"  ╰────────────────────────────────────────────────────────────────╯    ╰────────────────────────────────────────────────────────────────╯  "
"                                                                                                                                            "
"  ╭─   3 Plugins called ───────────────────────────────────────────╮    ╭─ ▸ 4 Skills used ──────────────────────────────────────────────╮  "
"  │                                                                │    │                                                                │  "
"  │ 7d                                                             │    │ 7d                                                             │  "
"  │ 186 calls                                                      │    │ 54 uses                                                        │  "
"  │                                                                │    │                                                                │  "
"  │  40                                                     29     │    │  20                                                            │  "
"  │      ▇▇▇▇▇                                                     │    │                                                                │  "
"  │      █████           █████   ▄▄▄▄▄▄                   ██████   │    │                                                         11     │  "
"  │  20  █████   █████   █████   ██████   ▆▆▆▆▆   █████   ██████   │    │  10                  ▁▁▁▁▁                            ▆▆▆▆▆▆   │  "
"  │      █████   █████   █████   ██████   █████   █████   ██████   │    │      ▆▆▆▆▆           █████   ▆▆▆▆▆▆   ▃▃▃▃▃           ██████   │  "
"  │      █████   █████   █████   ██████   █████   █████   ██████   │    │      █████   █████   █████   ██████   █████   ▆▆▆▆▆   ██████   │  "
"  │      █████   █████   █████   ██████   █████   █████   ██████   │    │      █████   █████   █████   ██████   █████   █████   ██████   │  "
"  │   0 ────────────────────────────────────────────────────────── │    │   0 ────────────────────────────────────────────────────────── │  "
"  │                                                          ▲     │    │                                                          ▲     │  "
"  │     Aug 27  Aug 28  Aug 29   Aug 30  Aug 31   Sep 1    Sep 2   │    │     Aug 27  Aug 28  Aug 29   Aug 30  Aug 31   Sep 1    Sep 2   │  "
"  │                                                                │    │                                                                │  "
"  │ Sep 2 · 29 calls                                               │    │ Sep 2 · 11 uses                                                │  "
"  │ ● Slack                                               10       │    │ ● Testing                                              4       │  "
"  │ ● Figma                                               10       │    │ ● Code review                                          3       │  "
"  │                                                                │    │                                                                │  "
"  │                                                                │    │                                                                │  "
"  │                                                                │    │                                                                │  "
"  │                                                                │    │                                                                │  "
"  ╰────────────────────────────────────────────────────────────────╯    ╰────────────────────────────────────────────────────────────────╯  "
"                                                                                                                                            "
"                                                                                                                                            "
"                                                                                                                                            "
"                                                                                                                                            "
"                                                                                                                                            "
"                                                                                                                                            "
"                                                                                                                                            "
"                                                                                                                                            "
"                                                                                                                                            "
"                                                                                                                                            "
"  tab/1–4 section · enter/z maximize                                                                                                        "
"  r 7/30d · R refresh · pgup/pgdn scroll · esc back · q close                                                                               "
