---
source: tui/src/analytics/plan_tests.rs
assertion_line: 53
expression: "output.join(\"\\n\")"
---
"  Analytics  ·  Live account                                                                                            "
"                                                                                                                        "
"  1 Total usage history  [2 Plan usage history]  3 Messages  4 Plugins called  5 Skills used                            "
"                                                                                                                        "
"  ▎ Plan usage history                                                                                      By feature  "
"  ────────────────────────────────────────────────────────────────────────────────────────────────────────────────────  "
"    5-hour limits                                             › Weekly limits                                           "
"                                                                                                                        "
"  › Sep 2 10:00 – Sep 2 15:00 *                       125%    › Sep 1 00:00 – Sep 8 00:00 *              Not available  "
"    Some usage is unavailable; this period may be               Breakdown isn't available for this period               "
"  incomplete                                                                                                            "
"    Tasks                                             125%                                                              "
"  Some periods aren't available yet                                                                                     "
"  Usage as of Sep 2 12:00 UTC · * current at last update                                                                "
"  Available since Sep 1 00:00 UTC                                                                                       "
"  Amounts and period boundaries are approximate; recent activity may be delayed                                         "
"                                                                                                                        "
"                                                                                                                        "
"                                                                                                                        "
"                                                                                                                        "
"                                                                                                                        "
"                                                                                                                        "
"                                                                                                                        "
"                                                                                                                        "
"                                                                                                                        "
"                                                                                                                        "
"                                                                                                                        "
"                                                                                                                        "
"  tab/1–5 section · z dashboard · ←/→ window · ↑/↓ period · enter details                                               "
"  g group · R refresh · pgup/pgdn scroll · esc back · q close                                                           "

"  Analytics  ·  Live account                              "
"                                                          "
"  Total usage history  [Plan usage history]  Messages     "
"  Plugins called  Skills used                             "
"                                                          "
"  ▎ Plan usage history                        By feature  "
"  ──────────────────────────────────────────────────────  "
"    5-hour limits                                         "
"                                                          "
"  › Sep 2 10:00 – Sep 2 15:00 *                     125%  "
"    Some usage is unavailable; this period may be         "
"  incomplete                                              "
"    Tasks                                           125%  "
"                                                          "
"  › Weekly limits                                         "
"                                                          "
"  › Sep 1 00:00 – Sep 8 00:00 *            Not available  "
"    Breakdown isn't available for this period             "
"  Some periods aren't available yet                       "
"  Usage as of Sep 2 12:00 UTC · * current at last update  "
"  Available since Sep 1 00:00 UTC                         "
"  Amounts and period boundaries are approximate; recent   "
"  activity may be delayed                                 "
"                                                          "
"                                                          "
"                                                          "
"  tab/1–5 section · z dashboard · ←/→ window · ↑/↓        "
"  period · enter details                                  "
"  g group · R refresh · pgup/pgdn scroll · esc back · q   "
"  close                                                   "
