---
source: tui/src/analytics/account_layout_tests.rs
expression: "format!(\"{all}\\n{filtered}\")"
---
"  Analytics  ·  Live account · analytics@example.test · account-a                                   "
"  [7d]  30d  ·  Aug 27–Sep 2, 2026                                                                  "
"                                                                                                    "
"  1 Credits usage history  [2 Token usage history]  3 Plugins called  4 Skills used  5 Top chats    "
"                                                                                                    "
"  ▎ Token usage history                                                              By token type  "
"  ────────────────────────────────────────────────────────────────────────────────────────────────  "
"  All models · m change model                                                                       "
"  4,377,500 tokens                                                                                  "
"                                                                                                    "
"   1,000,000                                                                            731,000     "
"                                                   ▅▅▅▅▅▅▅▅    ▁▁▁▁▁▁▁▁    ████████    ▃▃▃▃▃▃▃▃     "
"                           ▅▅▅▅▅▅▅▅    ▂▂▂▂▂▂▂▂    ████████    ████████    ████████    ████████     "
"     500,000               ████████    ████████    ████████    ████████    ████████    ████████     "
"                           ████████    ████████    ████████    ████████    ████████    ████████     "
"               ████████    ████████    ████████    ████████    ████████    ████████    ████████     "
"           0 ─────────────────────────────────────────────────────────────────────────────────────  "
"                                                                                           ▲        "
"               Aug 27      Aug 28      Aug 29      Aug 30      Aug 31       Sep 1        Sep 2      "
"                                                                                                    "
"  ────────────────────────────────────────────────────────                                          "
"  Sep 2 · 731,000 tokens                                                                            "
"  Token type                                        Tokens                                          "
"  ● Cached input                                   602,000                                          "
"  ● Uncached input                                  86,000                                          "
"  ● Output                                          43,000                                          "
"  Updated Sep 2 16:00 UTC                                                                           "
"                                                                                                    "
"  tab/1–5 section · z dashboard · ←/→ day · enter details                                           "
"  r 7/30d · g group · R refresh · pgup/pgdn scroll · esc back · q close                             "

"  Analytics  ·  Live account · analytics@example.test · account-a                                   "
"  [7d]  30d  ·  Aug 27–Sep 2, 2026                                                                  "
"                                                                                                    "
"  1 Credits usage history  [2 Token usage history]  3 Plugins called  4 Skills used  5 Top chats    "
"                                                                                                    "
"  ▎ Token usage history                                                              By token type  "
"  ────────────────────────────────────────────────────────────────────────────────────────────────  "
"  GPT-5.5 · m change model                                                                          "
"  4,377,500 tokens                                                                                  "
"                                                                                                    "
"   1,000,000                                                                            731,000     "
"                                                   ▅▅▅▅▅▅▅▅    ▁▁▁▁▁▁▁▁    ████████    ▃▃▃▃▃▃▃▃     "
"                           ▅▅▅▅▅▅▅▅    ▂▂▂▂▂▂▂▂    ████████    ████████    ████████    ████████     "
"     500,000               ████████    ████████    ████████    ████████    ████████    ████████     "
"                           ████████    ████████    ████████    ████████    ████████    ████████     "
"               ████████    ████████    ████████    ████████    ████████    ████████    ████████     "
"           0 ─────────────────────────────────────────────────────────────────────────────────────  "
"                                                                                           ▲        "
"               Aug 27      Aug 28      Aug 29      Aug 30      Aug 31       Sep 1        Sep 2      "
"                                                                                                    "
"  ────────────────────────────────────────────────────────                                          "
"  Sep 2 · 731,000 tokens                                                                            "
"  Token type                                        Tokens                                          "
"  ● Cached input                                   602,000                                          "
"  ● Uncached input                                  86,000                                          "
"  ● Output                                          43,000                                          "
"  Updated Sep 2 16:00 UTC                                                                           "
"                                                                                                    "
"  tab/1–5 section · z dashboard · ←/→ day · enter details                                           "
"  r 7/30d · g group · R refresh · pgup/pgdn scroll · esc back · q close                             "
