---
source: tui/src/bottom_pane/chat_composer.rs
expression: terminal.backend()
---
"                                                                                                    "
"› short                                                                                             "
"                                                                                                    "
# tui2/src/bottom_pane/snapshots/codex_tui__bottom_pane__chat_composer__tests__small.snap
"                                                                                                    "
"                                                                                                    "
"                                                                                                    "
"                                                                                                    "
"                                                                                                    "
"                                                                                                    "
"  100% context left                                                                                 "
