---
source: tui2/src/bottom_pane/chat_composer.rs
expression: terminal.backend()
---
"                                                                                                    "
"› Ask Codex to do anything                                                                          "
# tui2/src/bottom_pane/snapshots/codex_tui2__bottom_pane__chat_composer__tests__footer_mode_ctrl_c_interrupt.snap
"                                                                                                    "
"                                                                                                    "
"                                                                                                    "
"                                                                                                    "
"                                                                                                    "
"                                                                                                    "
"  ctrl + c again to quit                                                                            "
