---
source: tui/src/app/owned_screen_tests.rs
expression: terminal.backend()
---
"committed response                      ┌ Summary | Browser ─────────────┐ "
"                                        │ running Example                │ "
"                                        │ https://example.com            │ "
"                                        │Codex browser panel             │ "
"                                        │interactive page                │ "
"                                        │ready                           │ "
"                                        │                                │ "
"                                        │                                │ "
"                                        │                                │ "
"› draft sentinel                        │                                │ "
"                                        │ Esc hide    click control      │ "
"  gpt-5.5 default · /tmp/project        └────────────────────────────────┘ "
