---
source: tui/src/app/agent_center_tests.rs
expression: "screen(&view, 160, 22)"
---
  Agent command center
  2 need input   1 working   2 ready
  ────────────────────────────────────────────────────────────────────────────────────────────────────────────────────────────────────────────────────────────
      Tasks                                                                                   Status         Updated  │ Task details
  /tmp/project  6                                                                                                     │
  › ○ Current task                                                                  current   Ready              now  │ Current task
    ○ A longer task title that uses the available column                                      Ready           5m ago  │ ○ Ready
    ! Failed task                                                                             Error           1h ago  │
    ● Needs an answer                                                                         Needs input     2h ago  │ Project
    ● Working task                                                                            Working         1d ago  │ /tmp/project
    ○ Unloaded task                                                                           Inactive        2d ago  │ Model: Unknown
                                                                                                                      │
                                                                                                                      │ Prompt
                                                                                                                      │ Current task
                                                                                                                      │
                                                                                                                      │
                                                                                                                      │
                                                                                                                      │
                                                                                                                      │
                                                                                                                      │
                                                                                                                      │
  ↑↓ navigate  o resume  enter open  n new  w new worktree  f search  g group: project  r rename  x stop  h hide  a archive  del delete  ctrl+c quit
