---
source: tui/src/app/agent_center_tests.rs
expression: "screen(&view, 160, 22)"
---
  Agent command center  Group: Project  g
  2 need input   1 working   2 ready
  ────────────────────────────────────────────────────────────────────────────────────────────────────────────────────────────────────────────────────────────
  Search tasks · f                                                                                                    │ Task details
      Tasks                                                                                   Status         Updated  │
  /tmp/project  6                                                                                                     │ Current task
  › ○ Current task                                                                  current   Ready              now  │ ○ Ready
    ○ A longer task title that uses the available column                                      Ready           5m ago  │
    ! Failed task                                                                             Error           1h ago  │ Project
    ● Needs an answer                                                                         Needs input     2h ago  │ /tmp/project
    ● Working task                                                                            Working         1d ago  │ Model: Unknown
    ○ Unloaded task                                                                           Inactive        2d ago  │
                                                                                                                      │ Prompt
                                                                                                                      │ Current task
                                                                                                                      │
                                                                                                                      │
                                                                                                                      │
                                                                                                                      │
                                                                                                                      │
                                                                                                                      │
                                                                                                                      │
  ↑↓ navigate  o resume  enter open  n new  w new worktree  f search  g group: project  r rename  x stop  h hide  a archive  del delete  ctrl+c quit
