---
source: tui/src/app/owned_screen_tests.rs
expression: terminal.backend()
---
" Parent  ⌥ + 1 / ⌥ + 2 focus             │ Side                                    "
"⚠ Shared configuration warning           │⚠ Shared configuration warning           "
"                                         │                                         "
"                                         │╭───────────────────────────────────────╮"
"                                         ││ >_ OpenAI Codex (v0.0.0)              │"
"                                         ││                                       │"
"                                         ││ model:     loading   /model to change │"
"                                         ││ directory: /tmp/project               │"
"                                         │╰───────────────────────────────────────╯"
"                                         │                                         "
"                                         │                                         "
"                                         │                                         "
"                                         │                                         "
"                                         │                                         "
"                                         │                                         "
"› parent draft                           │› side draft                             "
"                                         │                                         "
"  gpt-5.5 default · /tmp/project         │  gpt-5.5 default · /tmp/project         "
