---
source: tui/src/app/agents_overview_tests.rs
expression: "render_bottom_popup(&app.chat_widget,\n100).replace(&test_path_display(\"/tmp/project\"),\n\"/tmp/project\").replace(\"fwd del\", \"del\")"
---
  Agent command center  Group: Model  g
   All 4   Needs you 0   Working 0   Ready 4   Inactive 0                     tab/shift+tab filter
  ────────────────────────────────────────────────────────────────────────────────────────────────
  Search tasks · f                                        │ Task details
      Tasks                                               │
  Unknown  1                                              │ Legacy task
  › ○ Legacy task                                         │ ○ Ready
                                                          │
  model-a  2                                              │ Project
    ○ Recent task                                         │ /tmp/project
    ○ Older task                                          │ Model: Unknown
                                                          │
  model-b  1                                              │ Prompt
    ○ Other model                                         │ Legacy task
                                                          │
                                                          │
                                                          │
                                                          │
                                                          │
                                                          │
                                                          │
                                                          │
  ↑↓ navigate o resume enter open n new w new worktree f search g group: model r rename x stop
  h hide a archive del delete ctrl+c quit
