---
source: tui/src/app/tests/disconnect_tests.rs
expression: searching
---
  Agent command center  Group: Project  g
  0 need input   0 working   0 ready
  ────────────────────────────────────────────────────────────────────────────────────────────────
  Search › search query!                                  │
  Reconnecting…                                           │
                                                          │
                                                          │
                                                          │
                                                          │
                                                          │
                                                          │
                                                          │
                                                          │
                                                          │
                                                          │
                                                          │
                                                          │
                                                          │
                                                          │
                                                          │
                                                          │
                                                          │
                                                          │
  Reconnecting — agent list is stale
