---
source: tui/src/chatwidget/tests.rs
assertion_line: 1577
expression: terminal.backend()
---
"                                                                                "
# tui2/src/chatwidget/snapshots/codex_tui__chatwidget__tests__status_widget_active.snap
"• Analyzing (0s • esc to interrupt)                                             "
"                                                                                "
"                                                                                "
"› Ask Codex to do anything                                                      "
"                                                                                "
"  100% context left · ? for shortcuts                                           "
