---
source: core/tests/suite/compact.rs
expression: "sectioned_request_shapes(\"Manual /compact with no prior user turn behaves as a no-op and follow-up turn carries only canonical initial context plus the new user message.\",\n&[(\"Local Post-Compaction History Layout\", &requests[0]),])"
---
Scenario: Manual /compact with no prior user turn behaves as a no-op and follow-up turn carries only canonical initial context plus the new user message.

## Local Post-Compaction History Layout
00:message/developer:<PERMISSIONS_INSTRUCTIONS> [prev_user=<none>;next_user=<none>]
01:message/user:<AGENTS_MD> [prev_user=<none>;next_user=<none>]
02:message/user:<ENVIRONMENT_CONTEXT:cwd=<CWD>> [prev_user=<none>;next_user=<none>]
03:message/user:<SUMMARIZATION_PROMPT>
