---
source: core/tests/suite/compact.rs
assertion_line: 2878
expression: "sectioned_request_shapes(&[(\"Local Compaction Request (Incoming User Excluded on main)\",\n&requests[1]),])"
---
## Local Compaction Request (Incoming User Excluded on main)
00:message/developer:<PERMISSIONS_INSTRUCTIONS>
01:message/user:<AGENTS_MD>
02:message/user:<ENVIRONMENT_CONTEXT>
03:message/user:USER_ONE
04:message/assistant:FIRST_REPLY
05:message/user:<SUMMARIZATION_PROMPT>
