---
source: core/tests/suite/compact_remote.rs
expression: "sectioned_request_shapes(&[(\"Remote Compaction Request\", &compact_request),\n(\"Remote Post-Compaction History Layout\", &requests[1]),])"
---
## Remote Compaction Request
00:message/developer:<PERMISSIONS_INSTRUCTIONS>
01:message/user:<AGENTS_MD>
02:message/user:<ENVIRONMENT_CONTEXT>
03:message/user:USER_ONE
04:function_call/<TOOL_CALL>
05:function_call_output:<TOOL_ERROR_OUTPUT>

## Remote Post-Compaction History Layout
00:message/developer:<PERMISSIONS_INSTRUCTIONS>
01:message/user:<AGENTS_MD>
02:message/user:<ENVIRONMENT_CONTEXT>
03:message/user:USER_ONE
04:message/user:<SUMMARY:REMOTE_MID_TURN_SUMMARY>
