---
source: core/tests/suite/compact.rs
expression: "sectioned_request_shapes(&[(\"Local Compaction Request\", &requests[1]),\n(\"Local Post-Compaction History Layout\", &requests[2]),])"
---
## Local Compaction Request
00:message/developer:<PERMISSIONS_INSTRUCTIONS>
01:message/user:<AGENTS_MD>
02:message/user:<ENVIRONMENT_CONTEXT>
03:message/user:USER_ONE
04:function_call/<TOOL_CALL>
05:function_call_output:<TOOL_ERROR_OUTPUT>
06:message/user:<SUMMARIZATION_PROMPT>

## Local Post-Compaction History Layout
00:message/developer:<PERMISSIONS_INSTRUCTIONS>
01:message/user:<AGENTS_MD>
02:message/user:<ENVIRONMENT_CONTEXT>
03:message/user:USER_ONE
04:message/user:<SUMMARY:MID_TURN_SUMMARY>
