---
source: core/tests/suite/compact_remote.rs
expression: "format_labeled_requests_snapshot(\"Remote pre-turn auto-compaction context-window failure: initial compaction includes incoming user content, fallback compaction excludes incoming user content, and the turn errors.\",\n&[(\"Remote Compaction Request (Incoming User Included)\",\n&include_attempt_request),\n(\"Remote Compaction Request (Fallback Incoming User Excluded)\",\n&fallback_attempt_request),])"
---
Scenario: Remote pre-turn auto-compaction context-window failure: initial compaction includes incoming user content, fallback compaction excludes incoming user content, and the turn errors.

## Remote Compaction Request (Incoming User Included)
00:message/developer:<PERMISSIONS_INSTRUCTIONS>
01:message/user:<AGENTS_MD>
02:message/user:<ENVIRONMENT_CONTEXT:cwd=<CWD>>
03:message/user:USER_ONE
04:message/assistant:REMOTE_FIRST_REPLY
05:message/user:USER_TWO

## Remote Compaction Request (Fallback Incoming User Excluded)
00:message/developer:<PERMISSIONS_INSTRUCTIONS>
01:message/user:<AGENTS_MD>
02:message/user:<ENVIRONMENT_CONTEXT:cwd=<CWD>>
03:message/user:USER_ONE
04:message/assistant:REMOTE_FIRST_REPLY
