---
source: tui/src/config_panel/config_panel_tests.rs
assertion_line: 140
expression: "render(&panel, 100)"
---

  Configuration
  Changes save automatically; some apply after restarting Codex.
  Settings in this group: 3.

   Appearance   Notifications   Input   Sessions   Text selection

  Notifications        Unavailable          Event-specific notifications are configured. Edit them …
› Notify when          Unfocused ›          Only notify while you are away, or allow notifications …
  Test notification    Send in 5s ›         Sends in 5 seconds. Switch apps: your terminal may hide…





  left/right group · / search · enter edit setting · esc close
