---
source: tui/src/diff_render.rs
expression: terminal.backend()
---
"• Deleted tmp_delete_example.txt (+0 -3)                                        "
"    1 -first                                                                    "
"    2 -second                                                                   "
"    3 -third                                                                    "
# tui2/src/snapshots/codex_tui__diff_render__tests__apply_delete_block.snap
"                                                                                "
"                                                                                "
"                                                                                "
"                                                                                "
"                                                                                "
"                                                                                "
"                                                                                "
"                                                                                "
