---
source: tui/src/diff_render.rs
expression: terminal.backend()
---
"• Edited example.txt (+1 -1)                                                    "
"    1  line one                                                                 "
"    2 -line two                                                                 "
"    2 +line two changed                                                         "
# tui2/src/snapshots/codex_tui__diff_render__tests__apply_update_block.snap
"    3  line three                                                               "
"                                                                                "
"                                                                                "
"                                                                                "
"                                                                                "
"                                                                                "
"                                                                                "
"                                                                                "
