---
source: tui/src/mcp/manager_view.rs
expression: render_view(&view)
---
┌Configured MCP Servers────────────────────────────────────────────────┐
│Name            Status     Command                                    │
│anthropic       unknown    anthropic-mcp                              │
│openai          passing    openai-mcp                                 │
│                                                                      │
│                                                                      │
│                                                                      │
│                                                                      │
│                                                                      │
└──────────────────────────────────────────────────────────────────────┘
┌Details───────────────────────────────────────────────────────────────┐
│Name: anthropic  Command: anthropic-mcp                               │
│Args: --serve                                                         │
│Description: Sample server                                            │
│Tags: beta, internal                                                  │
└──────────────────────────────────────────────────────────────────────┘
