---
source: core/src/tools/runtimes/apply_patch.rs
expression: format_guardian_json_pretty(&snapshot)
---
{
  "tool_name": "apply_patch",
  "action": {
    "tool": "apply_patch",
    "cwd": "<cwd>",
    "files": [
      "<file>"
    ],
    "change_count": 1,
    "patch": "*** Begin Patch\n*** Update File: guardian.txt\n@@\n+ guardian snapshot content\n*** End Patch"
  }
}
