---
source: tui/src/bottom_pane/memories_settings_view_tests.rs
expression: "snapshots.join(\"\\n\\n\")"
---
width=70

  Reset all memories?

› Reset all memories  Delete local memory files and rollout
                      summaries.
  Go back             Return to memory settings.



  Press enter to confirm or esc to go back

width=71

  Reset all memories?

› Reset all memories  Delete local memory files and rollout
                      summaries.
  Go back             Return to memory settings.



  Press enter to confirm or esc to go back

width=72

  Reset all memories?

› Reset all memories  Delete local memory files and rollout summaries.
  Go back             Return to memory settings.



  Press enter to confirm or esc to go back
