---
source: tui/src/bottom_pane/stash_indicator.rs
expression: "format!(\"{buf:?}\")"
---
Buffer {
    area: Rect { x: 0, y: 0, width: 10, height: 1 },
    content: [
        " ⬇ Stashed",
    ],
    styles: [
        x: 0, y: 0, fg: Reset, bg: Reset, underline: Reset, modifier: DIM | ITALIC,
    ]
}
