---
source: tui/src/bottom_pane/chat_composer.rs
expression: terminal.backend()
---
# tui/src/bottom_pane/snapshots/codex_tui__bottom_pane__chat_composer__tests__slash_popup_mo.snap
"                                                            "
"› /mo                                                       "
"                                                            "
"  /model    choose what model and reasoning effort to use   "
"  /mention  mention a file                                  "
