---
source: tui/src/bottom_pane/chat_composer.rs
expression: terminal.backend()
---
"                                                                                                    "
"› alpha                                                                                             "
"  beta                                                                                              "
"  gamma                                                                                             "
"                                                                                                    "
"                                                                                                    "
"                                                                                                    "
"                                                                                                    "
"                                                              100% context left | Vim: Visual Line  "
