---
source: tui/src/bottom_pane/chat_composer.rs
expression: terminal.backend()
---
"                                                                                                    "
"› @old @new                                                                                         "
"                                                                                                    "
"> new  Plugin to the right of the cursor.                                                     Plugin"
"                                                                                                    "
"                                                                                                    "
"                                                                                                    "
"                                                                                                    "
"  enter insert · esc close · ←/→ switch search modes     [All Results]   Filesystem Only    Plugins "
