---
source: tui/src/bottom_pane/unified_exec_footer.rs
assertion_line: 108
expression: "format!(\"{buf:?}\")"
---
Buffer {
    area: Rect { x: 0, y: 0, width: 50, height: 1 },
    content: [
        "Process running: echo hello · rg "foo" src        ",
    ],
    styles: [
        x: 0, y: 0, fg: Reset, bg: Reset, underline: Reset, modifier: DIM,
        x: 16, y: 0, fg: Reset, bg: Reset, underline: Reset, modifier: NONE,
        x: 17, y: 0, fg: Cyan, bg: Reset, underline: Reset, modifier: NONE,
        x: 27, y: 0, fg: Reset, bg: Reset, underline: Reset, modifier: DIM,
        x: 30, y: 0, fg: Cyan, bg: Reset, underline: Reset, modifier: NONE,
        x: 42, y: 0, fg: Reset, bg: Reset, underline: Reset, modifier: NONE,
    ]
}
