---
source: tui/src/bottom_pane/chat_composer.rs
assertion_line: 1036
expression: terminal.backend()
---
"▌short                                                                                              "
"▌                                                                                                   "
"▌                                                                                                   "
"▌                                                                                                   "
"▌                                                                                                   "
"▌                                                                                                   "
"▌                                                                                                   "
"▌                                                                                                   "
"▌                                                                                                   "
" ⏎ send   Ctrl+J newline   Ctrl+P optimize input   Ctrl+C quit                                      "
