---
source: tui/src/bottom_pane/footer.rs
expression: terminal.backend()
---
"/ for commands        shift + enter for newline               ctrl + v to paste "
"@ for file paths      esc again to edit previous message      ctrl + c to exit  "
"                                                              ctrl + t to view t"
