---
source: tui/src/bottom_pane/chat_composer.rs
expression: terminal.backend()
---
"                                                                                                    "
"› $sa                                                                                               "
"                                                                                                    "
"                                                                                                    "
"                                                                                                    "
"                                                                                                    "
"  Sample Plugin  Plugin · skills · 1 MCP server · 1 app                                             "
"                                                                                                    "
"  Press enter to insert or esc to close                                                             "
