---
source: tui/src/bottom_pane/chat_composer.rs
expression: terminal.backend()
---
"                                                                                                    "
"› $google-calendar:availability$unbound-skill                                                       "
"                                                                                                    "
"                                                                                                    "
"                                                                                                    "
"                                                                                                    "
"  availability (google-cale...  [Skill] Find availability and plan event changes.                   "
"                                                                                                    "
"  Press enter to insert or esc to close                                                             "
