---
source: tui_app_server/src/resume_picker.rs
expression: snapshot
---
  Created at      Updated at      Provider      Branch  CWD  Conversation
  16 minutes ago  42 seconds ago  openai        -       -    Fix resume picke...
> 1 hour ago      35 minutes ago  ollama        -       -    Investigate lazy...
  2 hours ago     2 hours ago     openai-proxy  -       -    Explain the code...
