---
source: tui/src/chatwidget/tests/status_and_layout.rs
expression: "format!(\"{quiet_snapshot}\\n\\nvisible history:\\n{rendered}\")"
---
hidden background hook
live hooks:
<empty>
history:
<empty>

visible history:
• PostToolUse hook (completed)
  warning: background hook warning

• PostToolUse hook (failed)
  error: hook exited with code 7
