---
source: tui/src/chatwidget/tests/side.rs
expression: normalized_backend_snapshot(terminal.backend())
---
"                                                                                "
"• Working (0s • esc to interrupt)                                               "
"                                                                                "
"                                                                                "
"› Preparing side conversation... Press Esc to cancel.                           "
"                                                                                "
"  gpt-5.5 default                                             Side starting...  "
