---
source: tui/src/chatwidget/tests.rs
expression: popup
---
  Experimental features
  Toggle experimental features. Changes are saved to config.toml.

› [ ] Ghost snapshots  Capture undo snapshots each turn. · enter toggles
  [x] Shell tool       Allow the model to run shell commands.

  enter toggle · pgup/pgdn scroll · home/end jump · esc save
