---
source: tui/src/chatwidget/tests/popups_and_settings.rs
assertion_line: 1545
expression: popup
---
  Memories
  Choose how Codex uses and creates memories. Changes are saved to config.toml

› [x] Use memories       Include saved memories in prompts.
  [ ] Generate memories  Allow future threads to become memory input.

  Learn more: https://developers.openai.com/codex/memories

  Press space to toggle; enter to save
