---
source: tui/src/chatwidget/tests.rs
expression: popup
---
  Select Model
  Pick a quick auto mode or browse all models.

  1. Fast                  Auto-picks speed-first Codex options with lighter
                           reasoning.
  2. Balanced              Balances speed and reasoning automatically for
                           everyday coding tasks.
  3. Thorough              Auto-picks deeper reasoning for complex or
                           ambiguous work.
› 4. All models (current)  Choose a specific model and reasoning level
                           (current: gpt-5-codex)

  Press enter to confirm or esc to go back
