---
source: tui/src/chatwidget/tests/popups_and_settings.rs
expression: "render_bottom_popup(&chat, 80)"
---
  Select Model and Effort
  Access legacy models by running codex -m <model_name> or in your config.toml

  1. gpt-6-astra (default)  Frontier intelligence for the most demanding work.
  2. gpt-6-sol              Workhorse model for coding and everyday work.
  3. gpt-6-luna             Fast and affordable model for easier tasks.
  4. gpt-5.6-sol            Older coding model for complex work.
  5. gpt-5.6-terra          Older balanced model for straightforward work.
  6. gpt-5.6-luna           Older fast and efficient model.
› 7. gpt-5.5 (current)      Legacy coding model.

  Press enter to confirm or esc to go back
