---
source: tui/src/chatwidget/tests.rs
expression: terminal.backend()
---
"                                                                                "
# tui/src/chatwidget/snapshots/codex_tui__chatwidget__tests__mcp_startup_header_booting.snap
"• Booting MCP server: alpha (0s • esc to interrupt)                             "
"                                                                                "
"                                                                                "
"› Ask Codex to do anything                                                      "
"                                                                                "
"  100% context left · ? for shortcuts                                           "
