---
source: tui/src/chatwidget/tests/bedrock_catalog_tests.rs
expression: "render_bottom_popup(&chat, 100)"
---
  Select Model and Effort
  Access legacy models by running codex -m <model_name> or in your config.toml

› 1. global.openai.gpt-5.6-sol (current)  Older coding model for complex work.
  2. global.openai.gpt-6-astra            Frontier intelligence for the most demanding work.
  3. global.openai.gpt-5.6-terra          Older balanced model for straightforward work.
  4. global.openai.gpt-5.6-luna           Older fast and efficient model.
  5. us.openai.gpt-5.6-sol                Older coding model for complex work.
  6. us.openai.gpt-6-astra                Frontier intelligence for the most demanding work.
  7. us.openai.gpt-5.6-terra              Older balanced model for straightforward work.
  8. us.openai.gpt-5.6-luna               Older fast and efficient model.

  Press enter to confirm or esc to go back
