---
source: tui/src/chatwidget/tests/goal_menu.rs
assertion_line: 37
expression: popup
---
  Goal
  Status: paused
  Objective: Keep improving the bare goal command until it feels calm and
  useful.
  Time used: 1m
  Tokens used: 12.5K

› 1. Unpause goal  Resume automatic goal continuation.
  2. Clear goal    Remove the current goal.
  3. Cancel        Keep the goal unchanged.

  Press enter to confirm or esc to go back
