---
source: tui/src/chatwidget/tests/popups_and_settings.rs
expression: rendered
---
• Usage

11% of your usage came from app "testmcp"
Tool results stay in context until compaction; compact or disable sources you do not need.

Skills
/tmux                      8%
/babysit                   6%

Subagents
babysit                   13%
code-review                9%

Apps
testmcp                   11%
