---
source: tui/src/chatwidget/tests/usage.rs
expression: "render_bottom_popup(&chat, 80)"
---
  Usage
  View account usage or redeem an earned reset.

› 1. Token activity     View recent account token usage.
  2. Rate-limit resets  View and redeem earned rate-limit resets.

  Press enter to confirm or esc to go back
