---
source: tui/src/chatwidget/tests/status_and_layout.rs
expression: "format!(\"{routine_running_snapshot}\\n\\n{routine_completed_snapshot}\\n\\n{warning_snapshot}\\n\\n{failed_snapshot}\")"
---
routine running
live hooks:
<empty>
history:
<empty>

routine completed
live hooks:
<empty>
history:
<empty>

warning with hidden context
live hooks:
<empty>
history:
• PostToolUse hook (completed)
  warning: review this managed hook warning


failed
live hooks:
<empty>
history:
• PostToolUse hook (failed)
  error: hook exited with code 7
