---
source: tui/src/chatwidget/tests/popups_and_settings.rs
expression: "render_bottom_popup(&chat, 80)"
---
  Select Model and Effort
  Access legacy models by running codex -m <model_name> or in your config.toml

› 1. gpt-5.6-terra      Older balanced model for straightforward work.
  2. gpt-5.5 (current)  Legacy coding model.

  Press enter to confirm or esc to go back
