---
source: tui/src/chatwidget/tests/goal_menu.rs
assertion_line: 19
expression: popup
---
  Goal
  Status: active
  Objective: Keep improving the bare goal command until it feels calm and
  useful.
  Time used: 1m
  Tokens used: 12.5K
  Token budget: 80K

› 1. Pause goal  Stop automatic goal continuation until you unpause it
  2. Clear goal  Remove the current goal
  3. Cancel      Keep the goal unchanged

  Press enter to confirm or esc to go back
