---
source: tui/src/chatwidget/tests.rs
expression: popup
---
  Select Model and Effort
  Access legacy models via -m or in your config.toml

› 1. gpt-5-codex (current)  Optimized for codex.
  2. gpt-5                  Broad world knowledge with strong general
                            reasoning.

  Press enter to select reasoning effort, or esc to dismiss.
