---
source: tui/src/chatwidget/tests.rs
expression: terminal.backend()
---
"                                                                                "
"▌ The model wants to apply changes                                              "
"▌                                                                               "
"▌ Grant write access to /tmp for the remainder of this session.                 "
"▌                                                                               "
"▌ Apply changes?                                                                "
"▌                                                                               "
"▌ > 1. Approve  Apply the proposed changes (shortcut: Y)                        "
"▌   2. Cancel   Do not apply the changes (shortcut: N)                          "
"                                                                                "
"Press Enter to confirm or Esc to go back                                        "
"                                                                                "
